------git------



Birundalakshmi.R@Lakshmi MINGW64 ~/Documents/Mern-internship
$ git init
Initialized empty Git repository in C:/Users/Birundalakshmi.

Birundalakshmi.R@Lakshmi MINGW64 ~/Documents/Mern-internship
$ git branch -m master main

Birundalakshmi.R@Lakshmi MINGW64 ~/Documents/Mern-internship
$ git status
\On branch main

No commits yet

Untracked files:
  (use "git add <file>..." to include in what will be committed)
        index.html

nothing added to commit but untracked files present (use "git add" to track)

Birundalakshmi.R@Lakshmi MINGW64 ~/Documents/Mern-internship/Day-1 (main)
$ git add index.html
warning: in the working copy of 'index.html', LF will be replaced by CRLF the next time Git touches it

Birundalakshmi.R@Lakshmi MINGW64 ~/Documents/Mern-internship/Day-1 (main)
$ git add index.html

Birundalakshmi.R@Lakshmi MINGW64 ~/Documents/Mern-internship/Day-1 (main)
$ touch home.html about.html

Birundalakshmi.R@Lakshmi MINGW64 ~/Documents/Mern-internship/Day-1 (main)
$ git status
On branch main

No commits yet

Changes to be committed:
  (use "git rm --cached <file>..." to unstage)
        new file:   index.html

Untracked files:
  (use "git add <file>..." to include in what will be committed)
        about.html
        home.html

Birundalakshmi.R@Lakshmi MINGW64 ~/Documents/Mern-internship/Day-1 (main)

[main 4ad11ba] this is second commit
 1 file changed, 0 insertions(+), 0 deletions(-)
 create mode 100644 home2.html

Birundalakshmi.R@Lakshmi MINGW64 ~/Documents/Mern-internship
$ touch review.html

Birundalakshmi.R@Lakshmi MINGW64 ~/Documents/Mern-internship
$ git add review.html

Birundalakshmi.R@Lakshmi MINGW64 ~/Documents/Mern-internship
$ git commit -m "review page committed"
[main aa11b5c] review page committed
 1 file changed, 0 insertions(+), 0 deletions(-)
 create mode 100644 review.html

Birundalakshmi.R@Lakshmi MINGW64 ~/Documents/Mern-internship
$ git checkout home.html
Updated 0 paths from the index

Birundalakshmi.R@Lakshmi MINGW64 ~/Documents/Mern-internship
$ git checkout home.html
Updated 0 paths from the index

Birundalakshmi.R@Lakshmi MINGW64 ~/Documents/Mern-internship/Day-1 (main)
$ git checkout home.html
Updated 0 paths from the index

Birundalakshmi.R@Lakshmi MINGW64 ~/Documents/Mern-internship/Day-1 (main)
$ git checkout home.htl
error: pathspec 'home.htl' did not match any file(s) known to git

Birundalakshmi.R@Lakshmi MINGW64 ~/Documents/Mern-internship/Day-1 (main)
$ git checkout home.html
Updated 1 path from the index

Birundalakshmi.R@Lakshmi MINGW64 ~/Documents/Mern-internship/Day-1 (main)
$ git checkout home.html
Updated 0 paths from the index

Birundalakshmi.R@Lakshmi MINGW64 ~/Documents/Mern-internship/Day-1 (main)
$ ^C

Birundalakshmi.R@Lakshmi MINGW64 ~/Documents/Mern-internship/Day-1 (main)
$ git status
On branch main
nothing to commit, working tree clean

Birundalakshmi.R@Lakshmi MINGW64 ~/Documents/Mern-internship/Day-1 (main)
$ git status
On branch main
nothing to commit, working tree clean

Birundalakshmi.R@Lakshmi MINGW64 ~/Documents/Mern-internship/Day-1 (main)
$ git status
On branch main
Changes not staged for commit:
  (use "git add <file>..." to update what will be committed)
  (use "git restore <file>..." to discard changes in working directory)
        modified:   about.html
        modified:   home.html
        modified:   index.html
        modified:   review.html

no changes added to commit (use "git add" and/or "git commit -a")

Birundalakshmi.R@Lakshmi MINGW64 ~/Documents/Mern-internship/Day-1 (main)
$ git checkout -f

Birundalakshmi.R@Lakshmi MINGW64 ~/Documents/Mern-internship/Day-1 (main)
$ git commit
On branch main
Changes not staged for commit:
  (use "git add <file>..." to update what will be committed)
  (use "git restore <file>..." to discard changes in working directory)
        modified:   index.html

no changes added to commit (use "git add" and/or "git commit -a")

Birundalakshmi.R@Lakshmi MINGW64 ~/Documents/Mern-internship/Day-1 (main)
$ git add index.html
warning: in the working copy of 'index.html', LF will be replaced by CRLF the next time Git touches it

Birundalakshmi.R@Lakshmi MINGW64 ~/Documents/Mern-internship/Day-1 (main)
$ git commit -m "committed"
[main 593ed42] committed
 1 file changed, 3 insertions(+)

Birundalakshmi.R@Lakshmi MINGW64 ~/Documents/Mern-internship
$ git checkout -f

Birundalakshmi.R@Lakshmi MINGW64 ~/Documents/Mern-internship/Day-1 (main)
$ git log
commit 593ed424e8d88f14abea377a7715bd981b0432af (HEAD -> main)
Author: unknown <lakshmi@gmail.com>
Date:   Mon Dec 1 15:22:48 2025 +0530

    committed

commit aa11b5c13c0bbf009971fec0d5bc4495a2f978e0
Author: unknown <lakshmi@gmail.com>
Date:   Mon Dec 1 14:59:08 2025 +0530

    review page committed

commit 4ad11bae544d5aefe6481647d310e3d70d64542a
Author: unknown <lakshmi@gmail.com>
Date:   Mon Dec 1 14:41:53 2025 +0530

    this is second commit

commit 2b3ba1120544c2ea5e7a41af26cf623ea801b8e9
Author: unknown <lakshmi@gmail.com>
Date:   Mon Dec 1 14:37:51 2025 +0530

    this is first line

Birundalakshmi.R@Lakshmi MINGW64 ~/Documents/Mern-internship/Day-1 (main)
$ git log -p -2
commit 593ed424e8d88f14abea377a7715bd981b0432af (HEAD -> main)
Author: unknown <lakshmi@gmail.com>
Date:   Mon Dec 1 15:22:48 2025 +0530

    committed

diff --git a/index.html b/index.html
index e69de29..2c4ff42 100644
--- a/index.html
+++ b/index.html
@@ -0,0 +1,3 @@
+<html>
+    <p>welcome</p>
+</html>
\ No newline at end of file

commit aa11b5c13c0bbf009971fec0d5bc4495a2f978e0
Author: unknown <lakshmi@gmail.com>
Date:   Mon Dec 1 14:59:08 2025 +0530

    review page committed

diff --git a/review.html b/review.html
new file mode 100644
index 0000000..e69de29

Birundalakshmi.R@Lakshmi MINGW64 ~/Documents/Mern-internship/Day-1 (main)
$ touch git ignore

Birundalakshmi.R@Lakshmi MINGW64 ~/Documents/Mern-internship/Day-1 (main)
$ touch .gitignore

Birundalakshmi.R@Lakshmi MINGW64 ~/Documents/Mern-internship/Day-1 (main)
$ password.txt
bash: password.txt: command not found

Birundalakshmi.R@Lakshmi MINGW64 ~/Documents/Mern-internship/Day-1 (main)
$ ^C

Birundalakshmi.R@Lakshmi MINGW64 ~/Documents/Mern-internship/Day-1 (main)
$ touch .gitignore

[main 231cbd3] comitted
 1 file changed, 1 insertion(+)
 create mode 100644 .gitignore

Birundalakshmi.R@Lakshmi MINGW64 ~/Documents/Mern-internship/Day-1 (main)
$ git status
On branch main
nothing to commit, working tree clean

Birundalakshmi.R@Lakshmi MINGW64 ~/Documents/Mern-internship/Day-1 (main)
$ git branch newbranch

Birundalakshmi.R@Lakshmi MINGW64 ~/Documents/Mern-internship/Day-1 (main)
$ git branch
* main
  newbranch

[newbranch bfd6823] this is contact page in new branch
 1 file changed, 0 insertions(+), 0 deletions(-)
 create mode 100644 contact.html

Birundalakshmi.R@Lakshmi MINGW64 ~/Documents/Mern-internship/Day-1 (newbranch)
$ git log -p -3
commit bfd68230b2d59479788a8edd62a9dc1a31f70069 (HEAD -> newbranch)
Author: unknown <lakshmi@gmail.com>
Date:   Mon Dec 1 15:52:36 2025 +0530

    this is contact page in new branch

diff --git a/contact.html b/contact.html
new file mode 100644
index 0000000..e69de29

commit 231cbd3acc26f7c38cfff59ccd59a1558ce585e2 (main)
Author: unknown <lakshmi@gmail.com>
Date:   Mon Dec 1 15:47:52 2025 +0530

    comitted

diff --git a/.gitignore b/.gitignore
new file mode 100644
index 0000000..f2ac45e
--- /dev/null
+++ b/.gitignore
@@ -0,0 +1 @@
+password.txt

commit 593ed424e8d88f14abea377a7715bd981b0432af
Author: unknown <lakshmi@gmail.com>
Date:   Mon Dec 1 15:22:48 2025 +0530

    committed

:
commit bfd68230b2d59479788a8edd62a9dc1a31f70069 (HEAD -> newbranch)
Author: unknown <lakshmi@gmail.com>
Date:   Mon Dec 1 15:52:36 2025 +0530

    this is contact page in new branch

diff --git a/contact.html b/contact.html
new file mode 100644
index 0000000..e69de29

commit 231cbd3acc26f7c38cfff59ccd59a1558ce585e2 (main)
Author: unknown <lakshmi@gmail.com>
Date:   Mon Dec 1 15:47:52 2025 +0530

    comitted

diff --git a/.gitignore b/.gitignore
new file mode 100644
index 0000000..f2ac45e
--- /dev/null
+++ b/.gitignore
@@ -0,0 +1 @@
+password.txt

commit 593ed424e8d88f14abea377a7715bd981b0432af
Author: unknown <lakshmi@gmail.com>
Date:   Mon Dec 1 15:22:48 2025 +0530

    committed

:
commit bfd68230b2d59479788a8edd62a9dc1a31f70069 (HEAD -> newbranch)
Author: unknown <lakshmi@gmail.com>
Date:   Mon Dec 1 15:52:36 2025 +0530

    this is contact page in new branch

diff --git a/contact.html b/contact.html
new file mode 100644
index 0000000..e69de29

commit 231cbd3acc26f7c38cfff59ccd59a1558ce585e2 (main)
Author: unknown <lakshmi@gmail.com>
Date:   Mon Dec 1 15:47:52 2025 +0530

    comitted

diff --git a/.gitignore b/.gitignore
new file mode 100644
index 0000000..f2ac45e
--- /dev/null
+++ b/.gitignore
@@ -0,0 +1 @@
+password.txt

commit 593ed424e8d88f14abea377a7715bd981b0432af
Author: unknown <lakshmi@gmail.com>
Date:   Mon Dec 1 15:22:48 2025 +0530

    committed

set mark: ...skipping...
commit bfd68230b2d59479788a8edd62a9dc1a31f70069 (HEAD -> newbranch)
Author: unknown <lakshmi@gmail.com>
Date:   Mon Dec 1 15:52:36 2025 +0530

    this is contact page in new branch

diff --git a/contact.html b/contact.html
new file mode 100644
index 0000000..e69de29

commit 231cbd3acc26f7c38cfff59ccd59a1558ce585e2 (main)
Author: unknown <lakshmi@gmail.com>
Date:   Mon Dec 1 15:47:52 2025 +0530

    comitted

diff --git a/.gitignore b/.gitignore
new file mode 100644
index 0000000..f2ac45e
--- /dev/null
+++ b/.gitignore
@@ -0,0 +1 @@
+password.txt

commit 593ed424e8d88f14abea377a7715bd981b0432af
Author: unknown <lakshmi@gmail.com>
Date:   Mon Dec 1 15:22:48 2025 +0530

    committed

...skipping...
commit bfd68230b2d59479788a8edd62a9dc1a31f70069 (HEAD -> newbranch)
Author: unknown <lakshmi@gmail.com>
Date:   Mon Dec 1 15:52:36 2025 +0530

    this is contact page in new branch

diff --git a/contact.html b/contact.html
new file mode 100644
index 0000000..e69de29

commit 231cbd3acc26f7c38cfff59ccd59a1558ce585e2 (main)
Author: unknown <lakshmi@gmail.com>
Date:   Mon Dec 1 15:47:52 2025 +0530

    comitted

diff --git a/.gitignore b/.gitignore
new file mode 100644
index 0000000..f2ac45e
--- /dev/null
+++ b/.gitignore
@@ -0,0 +1 @@
+password.txt

commit 593ed424e8d88f14abea377a7715bd981b0432af
Author: unknown <lakshmi@gmail.com>
Date:   Mon Dec 1 15:22:48 2025 +0530

    committed

:
commit bfd68230b2d59479788a8edd62a9dc1a31f70069 (HEAD -> newbranch)
Author: unknown <lakshmi@gmail.com>
Date:   Mon Dec 1 15:52:36 2025 +0530

    this is contact page in new branch

diff --git a/contact.html b/contact.html
new file mode 100644
index 0000000..e69de29

commit 231cbd3acc26f7c38cfff59ccd59a1558ce585e2 (main)
Author: unknown <lakshmi@gmail.com>
Date:   Mon Dec 1 15:47:52 2025 +0530

    comitted

diff --git a/.gitignore b/.gitignore
new file mode 100644
index 0000000..f2ac45e
--- /dev/null
+++ b/.gitignore
@@ -0,0 +1 @@
+password.txt

commit 593ed424e8d88f14abea377a7715bd981b0432af
Author: unknown <lakshmi@gmail.com>
Date:   Mon Dec 1 15:22:48 2025 +0530

    committed

set mark: ...skipping...
commit bfd68230b2d59479788a8edd62a9dc1a31f70069 (HEAD -> newbranch)
Author: unknown <lakshmi@gmail.com>
Date:   Mon Dec 1 15:52:36 2025 +0530

    this is contact page in new branch

diff --git a/contact.html b/contact.html
new file mode 100644
index 0000000..e69de29

commit 231cbd3acc26f7c38cfff59ccd59a1558ce585e2 (main)
Author: unknown <lakshmi@gmail.com>
Date:   Mon Dec 1 15:47:52 2025 +0530

    comitted

diff --git a/.gitignore b/.gitignore
new file mode 100644
index 0000000..f2ac45e
--- /dev/null
+++ b/.gitignore
@@ -0,0 +1 @@
+password.txt

commit 593ed424e8d88f14abea377a7715bd981b0432af
Author: unknown <lakshmi@gmail.com>
Date:   Mon Dec 1 15:22:48 2025 +0530

    committed

set mark: ...skipping...
commit bfd68230b2d59479788a8edd62a9dc1a31f70069 (HEAD -> newbranch)
Author: unknown <lakshmi@gmail.com>
Date:   Mon Dec 1 15:52:36 2025 +0530

    this is contact page in new branch

diff --git a/contact.html b/contact.html
new file mode 100644
index 0000000..e69de29

commit 231cbd3acc26f7c38cfff59ccd59a1558ce585e2 (main)
Author: unknown <lakshmi@gmail.com>
Date:   Mon Dec 1 15:47:52 2025 +0530

    comitted

diff --git a/.gitignore b/.gitignore
new file mode 100644
index 0000000..f2ac45e
--- /dev/null
+++ b/.gitignore
@@ -0,0 +1 @@
+password.txt

commit 593ed424e8d88f14abea377a7715bd981b0432af
Author: unknown <lakshmi@gmail.com>
Date:   Mon Dec 1 15:22:48 2025 +0530

    committed

diff --git a/index.html b/index.html
set mark: ...skipping...
branch)
Author: unknown <lakshmi@gmail.com>
Date:   Mon Dec 1 15:52:36 2025 +0530

    this is contact page in new branch

diff --git a/contact.html b/contact.html
new file mode 100644
index 0000000..e69de29

commit 231cbd3acc26f7c38cfff59ccd59a1558ce585e2 (main)
Author: unknown <lakshmi@gmail.com>
Date:   Mon Dec 1 15:47:52 2025 +0530

    comitted

diff --git a/.gitignore b/.gitignore
new file mode 100644
index 0000000..f2ac45e
--- /dev/null
+++ b/.gitignore
@@ -0,0 +1 @@
+password.txt

commit 593ed424e8d88f14abea377a7715bd981b0432af
Author: unknown <lakshmi@gmail.com>
Date:   Mon Dec 1 15:22:48 2025 +0530

    committed

diff --git a/index.html b/index.html
set mark: ...skipping...
branch)
Author: unknown <lakshmi@gmail.com>
Date:   Mon Dec 1 15:52:36 2025 +0530

    this is contact page in new branch

diff --git a/contact.html b/contact.html
new file mode 100644
index 0000000..e69de29

commit 231cbd3acc26f7c38cfff59ccd59a1558ce585e2 (main)
Author: unknown <lakshmi@gmail.com>
Date:   Mon Dec 1 15:47:52 2025 +0530

    comitted

diff --git a/.gitignore b/.gitignore
new file mode 100644
index 0000000..f2ac45e
--- /dev/null
+++ b/.gitignore
@@ -0,0 +1 @@
+password.txt

commit 593ed424e8d88f14abea377a7715bd981b0432af
Author: unknown <lakshmi@gmail.com>
Date:   Mon Dec 1 15:22:48 2025 +0530

    committed

diff --git a/index.html b/index.html
set mark: ...skipping...
branch)
Author: unknown <lakshmi@gmail.com>
Date:   Mon Dec 1 15:52:36 2025 +0530

    this is contact page in new branch

diff --git a/contact.html b/contact.html
new file mode 100644
index 0000000..e69de29

commit 231cbd3acc26f7c38cfff59ccd59a1558ce585e2 (main)
Author: unknown <lakshmi@gmail.com>
Date:   Mon Dec 1 15:47:52 2025 +0530

    comitted

diff --git a/.gitignore b/.gitignore
new file mode 100644
index 0000000..f2ac45e
--- /dev/null
+++ b/.gitignore
@@ -0,0 +1 @@
+password.txt

commit 593ed424e8d88f14abea377a7715bd981b0432af
Author: unknown <lakshmi@gmail.com>
Date:   Mon Dec 1 15:22:48 2025 +0530

    committed

diff --git a/index.html b/index.html
set mark: ...skipping...
branch)
Author: unknown <lakshmi@gmail.com>
Date:   Mon Dec 1 15:52:36 2025 +0530

    this is contact page in new branch

diff --git a/contact.html b/contact.html
new file mode 100644
index 0000000..e69de29

commit 231cbd3acc26f7c38cfff59ccd59a1558ce585e2 (main)
Author: unknown <lakshmi@gmail.com>
Date:   Mon Dec 1 15:47:52 2025 +0530

    comitted

diff --git a/.gitignore b/.gitignore
new file mode 100644
index 0000000..f2ac45e
--- /dev/null
+++ b/.gitignore
@@ -0,0 +1 @@
+password.txt

commit 593ed424e8d88f14abea377a7715bd981b0432af
Author: unknown <lakshmi@gmail.com>
Date:   Mon Dec 1 15:22:48 2025 +0530

    committed

diff --git a/index.html b/index.html
set mark: ...skipping...
branch)
Author: unknown <lakshmi@gmail.com>
Date:   Mon Dec 1 15:52:36 2025 +0530

    this is contact page in new branch

diff --git a/contact.html b/contact.html
new file mode 100644
index 0000000..e69de29

commit 231cbd3acc26f7c38cfff59ccd59a1558ce585e2 (main)
Author: unknown <lakshmi@gmail.com>
Date:   Mon Dec 1 15:47:52 2025 +0530

    comitted

diff --git a/.gitignore b/.gitignore
new file mode 100644
index 0000000..f2ac45e
--- /dev/null
+++ b/.gitignore
@@ -0,0 +1 @@
+password.txt

commit 593ed424e8d88f14abea377a7715bd981b0432af
Author: unknown <lakshmi@gmail.com>
Date:   Mon Dec 1 15:22:48 2025 +0530

    committed

diff --git a/index.html b/index.html
index e69de29..2c4ff42 100644
--- a/index.html
+++ b/index.html
@@ -0,0 +1,3 @@
+<html>
+    <p>welcome</p>
+</html>
\ No newline at end of file
(END)
index 0000000..e69de29

commit 231cbd3acc26f7c38cfff59ccd59a1558ce585e2 (main)
Author: unknown <lakshmi@gmail.com>
Date:   Mon Dec 1 15:47:52 2025 +0530

    comitted

diff --git a/.gitignore b/.gitignore
new file mode 100644
index 0000000..f2ac45e
--- /dev/null
+++ b/.gitignore
@@ -0,0 +1 @@
+password.txt

commit 593ed424e8d88f14abea377a7715bd981b0432af
Author: unknown <lakshmi@gmail.com>
Date:   Mon Dec 1 15:22:48 2025 +0530

    committed

diff --git a/index.html b/index.html
index e69de29..2c4ff42 100644
--- a/index.html
+++ b/index.html
@@ -0,0 +1,3 @@
+<html>
+    <p>welcome</p>
+</html>
\ No newline at end of file
(END)
index 0000000..e69de29

commit 231cbd3acc26f7c38cfff59ccd59a1558ce585e2 (main)
Author: unknown <lakshmi@gmail.com>
Date:   Mon Dec 1 15:47:52 2025 +0530

    comitted

diff --git a/.gitignore b/.gitignore
new file mode 100644
index 0000000..f2ac45e
--- /dev/null
+++ b/.gitignore
@@ -0,0 +1 @@
+password.txt

commit 593ed424e8d88f14abea377a7715bd981b0432af
Author: unknown <lakshmi@gmail.com>
Date:   Mon Dec 1 15:22:48 2025 +0530

    committed

diff --git a/index.html b/index.html
index e69de29..2c4ff42 100644
--- a/index.html
+++ b/index.html
@@ -0,0 +1,3 @@
+<html>
+    <p>welcome</p>
+</html>
\ No newline at end of file
(END)
index 0000000..e69de29

commit 231cbd3acc26f7c38cfff59ccd59a1558ce585e2 (main)
Author: unknown <lakshmi@gmail.com>
Date:   Mon Dec 1 15:47:52 2025 +0530

    comitted

diff --git a/.gitignore b/.gitignore
new file mode 100644
index 0000000..f2ac45e
--- /dev/null
+++ b/.gitignore
@@ -0,0 +1 @@
+password.txt

commit 593ed424e8d88f14abea377a7715bd981b0432af
Author: unknown <lakshmi@gmail.com>
Date:   Mon Dec 1 15:22:48 2025 +0530

    committed

diff --git a/index.html b/index.html
index e69de29..2c4ff42 100644
--- a/index.html
+++ b/index.html
@@ -0,0 +1,3 @@
+<html>
+    <p>welcome</p>
+</html>
\ No newline at end of file

Birundalakshmi.R@Lakshmi MINGW64 ~/Documents/Mern-internship/Day-1 (newbranch)
$ git checkout newbranch
Already on 'newbranch'

Birundalakshmi.R@Lakshmi MINGW64 ~/Documents/Mern-internship/Day-1 (newbranch)
$ git checkout main
Switched to branch 'main'

Birundalakshmi.R@Lakshmi MINGW64 ~/Documents/Mern-internship/Day-1 (main)
$ git merge newbranch
Updating 231cbd3..bfd6823
Fast-forward
 contact.html | 0
 1 file changed, 0 insertions(+), 0 deletions(-)
 create mode 100644 contact.html

Birundalakshmi.R@Lakshmi MINGW64 ~/Documents/Mern-internship/Day-1 (main)
$ git branch
* main
  newbranch

Birundalakshmi.R@Lakshmi MINGW64 ~/Documents/Mern-internship/Day-1 (main)
$ git branch -d newbranch
Deleted branch newbranch (was bfd6823).

Birundalakshmi.R@Lakshmi MINGW64 ~/Documents/Mern-internship/Day-1 (main)
$ git branch
* main

Birundalakshmi.R@Lakshmi MINGW64 ~/Documents/Mern-internship/Day-1 (main)
$

------------------
git init → start repo

git add → stage files

git commit → save snapshot

git status → check changes

git log → view history

git checkout filename → restore file

git branch <name> → create branch

git checkout <branch> → switch branch

git merge <branch> → merge changes

.gitignore → tells Git what to ignore
